 Fermi distribution function

Calculation with static geometry


********************************************************************************
 iSCC Total electronic   Diff electronic      SCC error    
    2   -0.16246432E+02    0.00000000E+00    0.70678024E-01
********************************************************************************

 Total charge:    -0.00000000

 Atomic gross charges (e)
 Atom           Charge
    1       0.98512078
    2       0.98492923
    3      -0.43345570
    4      -0.43207390
    5      -0.55242305
    6      -0.55209736

Nr. of electrons (up):     32.00000000
Atom populations (up)
 Atom       Population
    1       3.01487922
    2       3.01507077
    3       6.43345570
    4       6.43207390
    5       6.55242305
    6       6.55209736

l-shell populations (up)
 Atom Sh.   l       Population
    1   1   0       0.41946438
    1   2   1       0.87625875
    1   3   2       1.71915608
    2   1   0       0.41977876
    2   2   1       0.87620523
    2   3   2       1.71908678
    3   1   0       1.79904402
    3   2   1       4.63441168
    4   1   0       1.79909770
    4   2   1       4.63297620
    5   1   0       1.79562431
    5   2   1       4.75679874
    6   1   0       1.79563887
    6   2   1       4.75645849

Orbital populations (up)
 Atom Sh.   l   m       Population  Label
    1   1   0   0       0.41946438  s
    1   2   1  -1       0.30101485  p_y
    1   2   1   0       0.26722953  p_z
    1   2   1   1       0.30801437  p_x
    1   3   2  -2       0.26744098  d_xy
    1   3   2  -1       0.23785506  d_yz
    1   3   2   0       0.48696441  d_z2
    1   3   2   1       0.24938733  d_xz
    1   3   2   2       0.47750830  d_x2-y2
    2   1   0   0       0.41977876  s
    2   2   1  -1       0.30073988  p_y
    2   2   1   0       0.26737016  p_z
    2   2   1   1       0.30809520  p_x
    2   3   2  -2       0.26733283  d_xy
    2   3   2  -1       0.23828563  d_yz
    2   3   2   0       0.48689692  d_z2
    2   3   2   1       0.24946544  d_xz
    2   3   2   2       0.47710594  d_x2-y2
    3   1   0   0       1.79904402  s
    3   2   1  -1       1.42093751  p_y
    3   2   1   0       1.52918109  p_z
    3   2   1   1       1.68429309  p_x
    4   1   0   0       1.79909770  s
    4   2   1  -1       1.42057313  p_y
    4   2   1   0       1.52850058  p_z
    4   2   1   1       1.68390249  p_x
    5   1   0   0       1.79562431  s
    5   2   1  -1       1.74745470  p_y
    5   2   1   0       1.54241922  p_z
    5   2   1   1       1.46692482  p_x
    6   1   0   0       1.79563887  s
    6   2   1  -1       1.74707772  p_y
    6   2   1   0       1.54239876  p_z
    6   2   1   1       1.46698201  p_x

Fermi level:                        -0.0168084522 H           -0.4574 eV
Band energy:                        -8.7879329531 H         -239.1318 eV
TS:                                  0.0000000000 H            0.0000 eV
Band free energy (E-TS):            -8.7879329531 H         -239.1318 eV
Extrapolated E(0K):                 -8.7879329531 H         -239.1318 eV
Input / Output electrons (q):     32.0000000000     32.0000000000

Energy H0:                         -16.2822336475 H         -443.0621 eV
Energy SCC:                          0.0358020700 H            0.9742 eV
Total Electronic energy:           -16.2464315775 H         -442.0879 eV
Repulsive energy:                    0.6378497071 H           17.3568 eV
Total energy:                      -15.6085818705 H         -424.7311 eV
Extrapolated to 0:                 -15.6085818705 H         -424.7311 eV
Total Mermin free energy:          -15.6085818705 H         -424.7311 eV
Force related energy:              -15.6085818705 H         -424.7311 eV

Non-constrained calculation

SCC is NOT converged, maximal SCC iterations exceeded

Total Forces
    1      0.000163119850      0.004481125027      0.048472285458
    2      0.000209909567      0.004838769430     -0.048364841454
    3     -0.000314012841     -0.001518558033      0.012068111179
    4     -0.000357851083     -0.001980436898     -0.011973990563
    5      0.000224319659     -0.002653388455      0.021386426685
    6      0.000074514848     -0.003167511071     -0.021587991306

Total stress tensor
      0.000415171674      0.000013791885     -0.000000048006
      0.000013627851     -0.000156322411     -0.000001798600
     -0.000000054738     -0.000001540522     -0.000042259650

Total lattice derivs
     -0.000899866042      0.010378300105      0.001212520622
     -0.027456102271     -0.000872266296      0.001096744499
     -0.028358801275      0.009426304428      0.000122125959

Maximal derivative component:        0.484723E-01 au

Volume:                              0.475783E+03 au^3
Pressure:                            0.721965E-04 au     0.212409E+10 Pa

Warning: dipole moment is not defined absolutely!
Dipole moment:   -1.69560408    1.69518956   -3.98652169 au
Dipole moment:   -4.30979603    4.30874242  -10.13272825 Debye


