|===============================================================================
|
|  DFTB+ development version (commit: a23bfb2)
|
|  Copyright (C) 2006 - 2025  DFTB+ developers group
|
|===============================================================================
|
|  When publishing results obtained with DFTB+, please cite the following
|  reference:
|
|    Recent Developments in DFTB+, a Software Package for Efficient Atomistic
|    Quantum Mechanical Simulations, J. Phys. Chem. A 129, 5373−5390 (2025).
|    [https://doi.org/10.1021/acs.jpca.5c01146]
|
|  You should also cite additional publications crediting the parametrization
|  data you use. Please consult the documentation of the SK-files for the
|  references.
|
|===============================================================================

Reading input file 'dftb_in.hsd'
Parser version: 14

--------------------------------------------------------------------------------
Reading SK-files:
./../skf/Ti-Ti.skf
./../skf/Ti-O.skf
./../skf/O-O.skf
Done.


Processed input in HSD format written to 'dftb_pin.hsd'

Starting initialization...
--------------------------------------------------------------------------------
WARNING!
-> The suplied k-points are probably not accurate for properties requiring integration over the Brillouin zone
WARNING!
-> Dipole printed for extended system : value printed is not well defined
OpenMP threads:              4
Specified random seed:       12345
Current stacksize:           8 [Mb] (recommended: unlimited)
WARNING!
-> Current stacksize not set to unlimited or hard limit, which might cause
   random crashes (e.g. segmentation faults). It is advised to unlimit the
   stacksize by issuing 'ulimit -s unlimited' (Linux) or setting it to the 
   hard limit by 'ulimit -s hard' (Mac) in advance.
Mode:                        Static calculation
Self consistent charges:     Yes
SCC-tolerance:                 0.100000E-04
Max. scc iterations:                      1
Shell resolved Hubbard:      No
Spin polarisation:           No
Nr. of up electrons:            16.000000
Nr. of down electrons:          16.000000
Periodic boundaries:         Yes
Electronic solver:           Relatively robust
Mixer:                       Broyden mixer
Mixing parameter:                  0.200000
Nr. of chrg. vec. in memory:              1
Max. SCC-cycles:                          1
Electronic temperature:              0.100000E-07 H      0.272114E-06 eV
Initial charges:             Read in from 'charges'
Included shells:            Ti:  s, p, d
                             O:  s, p
K-points and weights:           1:  0.000000  0.000000  0.000000     0.016667
                                2: -0.055556  0.055556  0.000000     0.016667
                                3: -0.111111  0.111111  0.000000     0.016667
                                4: -0.166667  0.166667  0.000000     0.016667
                                5: -0.222222  0.222222  0.000000     0.016667
                                6: -0.277778  0.277778  0.000000     0.016667
                                7: -0.333333  0.333333  0.000000     0.016667
                                8: -0.388889  0.388889  0.000000     0.016667
                                9: -0.444444  0.444444  0.000000     0.016667
                               10: -0.500000  0.500000  0.000000     0.016667
                               11: -0.464712  0.464712 -0.048046     0.016667
                               12: -0.429425  0.429425 -0.096092     0.016667
                               13: -0.394138  0.394138 -0.144138     0.016667
                               14: -0.358850  0.358850 -0.192183     0.016667
                               15: -0.323562  0.323562 -0.240229     0.016667
                               16: -0.288275  0.288275 -0.288275     0.016667
                               17: -0.247093  0.247093 -0.247093     0.016667
                               18: -0.205911  0.205911 -0.205911     0.016667
                               19: -0.164729  0.164729 -0.164729     0.016667
                               20: -0.123546  0.123546 -0.123546     0.016667
                               21: -0.082364  0.082364 -0.082364     0.016667
                               22: -0.041182  0.041182 -0.041182     0.016667
                               23:  0.000000  0.000000  0.000000     0.016667
                               24:  0.100000  0.100000 -0.100000     0.016667
                               25:  0.200000  0.200000 -0.200000     0.016667
                               26:  0.300000  0.300000 -0.300000     0.016667
                               27:  0.400000  0.400000 -0.400000     0.016667
                               28:  0.500000  0.500000 -0.500000     0.016667
                               29:  0.457655  0.542345 -0.542345     0.016667
                               30:  0.415310  0.584690 -0.584690     0.016667
                               31:  0.372965  0.627035 -0.627035     0.016667
                               32:  0.330620  0.669380 -0.669380     0.016667
                               33:  0.288275  0.711725 -0.711725     0.016667
                               34:  0.144138  0.605862 -0.605862     0.016667
                               35:  0.000000  0.500000 -0.500000     0.016667
                               36: -0.031250  0.531250 -0.468750     0.016667
                               37: -0.062500  0.562500 -0.437500     0.016667
                               38: -0.093750  0.593750 -0.406250     0.016667
                               39: -0.125000  0.625000 -0.375000     0.016667
                               40: -0.156250  0.656250 -0.343750     0.016667
                               41: -0.187500  0.687500 -0.312500     0.016667
                               42: -0.218750  0.718750 -0.281250     0.016667
                               43: -0.250000  0.750000 -0.250000     0.016667
                               44: -0.141150  0.807817 -0.333333     0.016667
                               45: -0.032300  0.865633 -0.416667     0.016667
                               46:  0.076550  0.923450 -0.500000     0.016667
                               47:  0.118895  0.881105 -0.500000     0.016667
                               48:  0.161240  0.838760 -0.500000     0.016667
                               49:  0.203585  0.796415 -0.500000     0.016667
                               50:  0.245930  0.754070 -0.500000     0.016667
                               51:  0.288275  0.711725 -0.500000     0.016667
                               52:  0.330620  0.669380 -0.500000     0.016667
                               53:  0.372965  0.627035 -0.500000     0.016667
                               54:  0.415310  0.584690 -0.500000     0.016667
                               55:  0.457655  0.542345 -0.500000     0.016667
                               56:  0.500000  0.500000 -0.500000     0.016667
                               57:  0.312500  0.562500 -0.437500     0.016667
                               58:  0.125000  0.625000 -0.375000     0.016667
                               59: -0.062500  0.687500 -0.312500     0.016667
                               60: -0.250000  0.750000 -0.250000     0.016667

K-points in absolute space:     1:  0.000000  0.000000  0.000000
                                2:  0.007722 -0.007722  0.000000
                                3:  0.015445 -0.015445  0.000000
                                4:  0.023167 -0.023167  0.000000
                                5:  0.030890 -0.030890  0.000000
                                6:  0.038612 -0.038612  0.000000
                                7:  0.046334 -0.046334  0.000000
                                8:  0.054057 -0.054057  0.000000
                                9:  0.061779 -0.061779  0.000000
                               10:  0.069502 -0.069502  0.000000
                               11:  0.057918 -0.071275  0.000000
                               12:  0.046334 -0.073048  0.000000
                               13:  0.034751 -0.074822  0.000000
                               14:  0.023167 -0.076595  0.000000
                               15:  0.011584 -0.078369  0.000000
                               16:  0.000000 -0.080142  0.000000
                               17:  0.000000 -0.068693  0.000000
                               18:  0.000000 -0.057244  0.000000
                               19:  0.000000 -0.045796  0.000000
                               20:  0.000000 -0.034347  0.000000
                               21:  0.000000 -0.022898  0.000000
                               22:  0.000000 -0.011449  0.000000
                               23:  0.000000  0.000000  0.000000
                               24:  0.000000  0.000000  0.010878
                               25:  0.000000  0.000000  0.021756
                               26:  0.000000  0.000000  0.032633
                               27:  0.000000  0.000000  0.043511
                               28:  0.000000  0.000000  0.054389
                               29:  0.000000 -0.011772  0.054389
                               30:  0.000000 -0.023544  0.054389
                               31:  0.000000 -0.035317  0.054389
                               32:  0.000000 -0.047089  0.054389
                               33:  0.000000 -0.058861  0.054389
                               34:  0.000000 -0.064181  0.040792
                               35:  0.000000 -0.069502  0.027195
                               36:  0.008688 -0.069502  0.027195
                               37:  0.017375 -0.069502  0.027195
                               38:  0.026063 -0.069502  0.027195
                               39:  0.034751 -0.069502  0.027195
                               40:  0.043438 -0.069502  0.027195
                               41:  0.052126 -0.069502  0.027195
                               42:  0.060814 -0.069502  0.027195
                               43:  0.069502 -0.069502  0.027195
                               44:  0.065955 -0.065955  0.036259
                               45:  0.062408 -0.062408  0.045324
                               46:  0.058861 -0.058861  0.054389
                               47:  0.052975 -0.052975  0.054389
                               48:  0.047089 -0.047089  0.054389
                               49:  0.041203 -0.041203  0.054389
                               50:  0.035317 -0.035317  0.054389
                               51:  0.029430 -0.029430  0.054389
                               52:  0.023544 -0.023544  0.054389
                               53:  0.017658 -0.017658  0.054389
                               54:  0.011772 -0.011772  0.054389
                               55:  0.005886 -0.005886  0.054389
                               56:  0.000000  0.000000  0.054389
                               57:  0.017375 -0.017375  0.047590
                               58:  0.034751 -0.034751  0.040792
                               59:  0.052126 -0.052126  0.033993
                               60:  0.069502 -0.069502  0.027195

Extra options:
                             Mulliken analysis
                             Force calculation
Force type                   original

--------------------------------------------------------------------------------

***  Geometry step: 0

 iSCC Total electronic   Diff electronic      SCC error    
    1   -0.16246432E+02    0.00000000E+00    0.70678024E-01
WARNING!
-> SCC is NOT converged, maximal SCC iterations exceeded

Total Energy:                      -15.6085818705 H         -424.7311 eV
Extrapolated to 0K:                -15.6085818705 H         -424.7311 eV
Total Mermin free energy:          -15.6085818705 H         -424.7311 eV
Force related energy:              -15.6085818705 H         -424.7311 eV

Volume:                              0.475783E+03 au^3   0.705038E+02 A^3
Pressure:                            0.721965E-04 au     0.212409E+10 Pa

--------------------------------------------------------------------------------
DFTB+ running times                          cpu [s]             wall clock [s]
--------------------------------------------------------------------------------
Pre-SCC initialisation                 +       0.12 (  9.7%)       0.02 (  9.7%)
SCC                                    +       0.52 ( 40.7%)       0.09 ( 44.2%)
Post-SCC processing                    +       0.59 ( 45.7%)       0.09 ( 41.3%)
Post-geometry optimisation             +       0.05 (  3.8%)       0.01 (  3.9%)
--------------------------------------------------------------------------------
Missing                                +       0.00 (  0.1%)       0.00 (  1.0%)
Total                                  =       1.29 (100.0%)       0.21 (100.0%)
--------------------------------------------------------------------------------
