 KPT            1  SPIN            1  KWEIGHT    3.1250000000000000E-002
     1    -18.5340  2.00000
     2    -18.0203  2.00000
     3    -17.7852  2.00000
     4    -17.6226  2.00000
     5     -5.8014  2.00000
     6     -5.3784  2.00000
     7     -5.1058  2.00000
     8     -4.9515  2.00000
     9     -4.3883  2.00000
    10     -4.0406  2.00000
    11     -3.6224  2.00000
    12     -3.5034  2.00000
    13     -3.3916  2.00000
    14     -2.7308  2.00000
    15     -2.5775  2.00000
    16     -2.2077  2.00000
    17      1.7868  0.00000
    18      2.0078  0.00000
    19      2.2146  0.00000
    20      2.2729  0.00000
    21      2.5341  0.00000
    22      2.9753  0.00000
    23      5.9705  0.00000
    24      6.5507  0.00000
    25      6.6006  0.00000
    26      6.8732  0.00000
    27     14.2342  0.00000
    28     16.6414  0.00000
    29     17.0496  0.00000
    30     17.1265  0.00000
    31     18.6691  0.00000
    32     21.1198  0.00000
    33     21.6465  0.00000
    34     24.1461  0.00000

 KPT            2  SPIN            1  KWEIGHT    3.1250000000000000E-002
     1    -17.9470  2.00000
     2    -17.9469  2.00000
     3    -17.8450  2.00000
     4    -17.8449  2.00000
     5     -5.6241  2.00000
     6     -5.6241  2.00000
     7     -5.2138  2.00000
     8     -5.2137  2.00000
     9     -4.5673  2.00000
    10     -4.5672  2.00000
    11     -4.1432  2.00000
    12     -4.1431  2.00000
    13     -3.5444  2.00000
    14     -3.5443  2.00000
    15     -2.2414  2.00000
    16     -2.2413  2.00000
    17      2.0822  0.00000
    18      2.0823  0.00000
    19      2.3453  0.00000
    20      2.3453  0.00000
    21      3.5519  0.00000
    22      3.5520  0.00000
    23      6.4604  0.00000
    24      6.4607  0.00000
    25      7.2453  0.00000
    26      7.2458  0.00000
    27     16.2227  0.00000
    28     16.2229  0.00000
    29     17.1104  0.00000
    30     17.1108  0.00000
    31     21.4377  0.00000
    32     21.4379  0.00000
    33     23.6491  0.00000
    34     23.6492  0.00000

 KPT            3  SPIN            1  KWEIGHT    3.1250000000000000E-002
     1    -18.5340  2.00000
     2    -18.0203  2.00000
     3    -17.7852  2.00000
     4    -17.6226  2.00000
     5     -5.8014  2.00000
     6     -5.3784  2.00000
     7     -5.1059  2.00000
     8     -4.9515  2.00000
     9     -4.3883  2.00000
    10     -4.0406  2.00000
    11     -3.6223  2.00000
    12     -3.5033  2.00000
    13     -3.3916  2.00000
    14     -2.7308  2.00000
    15     -2.5775  2.00000
    16     -2.2077  2.00000
    17      1.7868  0.00000
    18      2.0077  0.00000
    19      2.2145  0.00000
    20      2.2728  0.00000
    21      2.5341  0.00000
    22      2.9753  0.00000
    23      5.9705  0.00000
    24      6.5507  0.00000
    25      6.6005  0.00000
    26      6.8732  0.00000
    27     14.2342  0.00000
    28     16.6415  0.00000
    29     17.0496  0.00000
    30     17.1264  0.00000
    31     18.6692  0.00000
    32     21.1198  0.00000
    33     21.6466  0.00000
    34     24.1460  0.00000

 KPT            4  SPIN            1  KWEIGHT    3.1250000000000000E-002
     1    -18.8540  2.00000
     2    -18.0986  2.00000
     3    -17.8193  2.00000
     4    -17.4916  2.00000
     5     -5.2723  2.00000
     6     -5.2659  2.00000
     7     -4.9364  2.00000
     8     -4.9249  2.00000
     9     -4.1325  2.00000
    10     -4.1282  2.00000
    11     -3.7692  2.00000
    12     -2.6581  2.00000
    13     -2.6500  2.00000
    14     -2.5222  2.00000
    15     -2.2311  2.00000
    16     -2.2054  2.00000
    17      1.1883  0.00000
    18      1.5932  0.00000
    19      2.4089  0.00000
    20      2.4152  0.00000
    21      2.7190  0.00000
    22      2.7628  0.00000
    23      5.2674  0.00000
    24      5.5585  0.00000
    25      5.7521  0.00000
    26      6.3042  0.00000
    27     14.3444  0.00000
    28     16.5854  0.00000
    29     16.6020  0.00000
    30     16.8474  0.00000
    31     17.8428  0.00000
    32     19.0724  0.00000
    33     19.2099  0.00000
    34     22.2844  0.00000

 KPT            5  SPIN            1  KWEIGHT    3.1250000000000000E-002
     1    -18.2876  2.00000
     2    -17.9239  2.00000
     3    -17.8745  2.00000
     4    -17.7058  2.00000
     5     -5.7623  2.00000
     6     -5.3864  2.00000
     7     -5.3286  2.00000
     8     -4.8543  2.00000
     9     -4.5840  2.00000
    10     -4.1203  2.00000
    11     -3.9598  2.00000
    12     -3.8567  2.00000
    13     -3.7121  2.00000
    14     -2.8353  2.00000
    15     -2.5316  2.00000
    16     -2.2937  2.00000
    17      1.9657  0.00000
    18      2.0134  0.00000
    19      2.2830  0.00000
    20      2.3059  0.00000
    21      3.0814  0.00000
    22      3.2431  0.00000
    23      6.1695  0.00000
    24      6.5091  0.00000
    25      6.8756  0.00000
    26      7.1081  0.00000
    27     15.0008  0.00000
    28     16.7817  0.00000
    29     17.0315  0.00000
    30     17.1807  0.00000
    31     20.7051  0.00000
    32     21.0132  0.00000
    33     21.6084  0.00000
    34     24.2769  0.00000

 KPT            6  SPIN            1  KWEIGHT    3.1250000000000000E-002
     1    -18.2876  2.00000
     2    -17.9239  2.00000
     3    -17.8744  2.00000
     4    -17.7059  2.00000
     5     -5.7623  2.00000
     6     -5.3864  2.00000
     7     -5.3286  2.00000
     8     -4.8544  2.00000
     9     -4.5840  2.00000
    10     -4.1205  2.00000
    11     -3.9597  2.00000
    12     -3.8566  2.00000
    13     -3.7120  2.00000
    14     -2.8354  2.00000
    15     -2.5316  2.00000
    16     -2.2937  2.00000
    17      1.9657  0.00000
    18      2.0133  0.00000
    19      2.2830  0.00000
    20      2.3058  0.00000
    21      3.0814  0.00000
    22      3.2431  0.00000
    23      6.1695  0.00000
    24      6.5091  0.00000
    25      6.8756  0.00000
    26      7.1080  0.00000
    27     15.0007  0.00000
    28     16.7817  0.00000
    29     17.0316  0.00000
    30     17.1808  0.00000
    31     20.7051  0.00000
    32     21.0137  0.00000
    33     21.6081  0.00000
    34     24.2768  0.00000

 KPT            7  SPIN            1  KWEIGHT    3.1250000000000000E-002
     1    -18.6392  2.00000
     2    -18.1447  2.00000
     3    -17.7630  2.00000
     4    -17.5893  2.00000
     5     -5.6057  2.00000
     6     -5.1941  2.00000
     7     -5.0753  2.00000
     8     -4.9163  2.00000
     9     -4.1796  2.00000
    10     -3.9202  2.00000
    11     -3.6504  2.00000
    12     -3.2901  2.00000
    13     -3.0560  2.00000
    14     -2.6448  2.00000
    15     -2.4678  2.00000
    16     -2.2810  2.00000
    17      1.6488  0.00000
    18      1.9916  0.00000
    19      2.1716  0.00000
    20      2.2994  0.00000
    21      2.3931  0.00000
    22      2.9484  0.00000
    23      5.6823  0.00000
    24      5.8966  0.00000
    25      6.3087  0.00000
    26      6.5504  0.00000
    27     14.3044  0.00000
    28     16.4127  0.00000
    29     16.9384  0.00000
    30     17.3088  0.00000
    31     18.7188  0.00000
    32     18.9803  0.00000
    33     20.9891  0.00000
    34     22.9089  0.00000

 KPT            8  SPIN            1  KWEIGHT    3.1250000000000000E-002
     1    -18.6392  2.00000
     2    -18.1448  2.00000
     3    -17.7629  2.00000
     4    -17.5893  2.00000
     5     -5.6057  2.00000
     6     -5.1941  2.00000
     7     -5.0754  2.00000
     8     -4.9163  2.00000
     9     -4.1796  2.00000
    10     -3.9201  2.00000
    11     -3.6505  2.00000
    12     -3.2899  2.00000
    13     -3.0562  2.00000
    14     -2.6447  2.00000
    15     -2.4678  2.00000
    16     -2.2810  2.00000
    17      1.6488  0.00000
    18      1.9916  0.00000
    19      2.1717  0.00000
    20      2.2994  0.00000
    21      2.3932  0.00000
    22      2.9484  0.00000
    23      5.6823  0.00000
    24      5.8966  0.00000
    25      6.3088  0.00000
    26      6.5504  0.00000
    27     14.3044  0.00000
    28     16.4127  0.00000
    29     16.9383  0.00000
    30     17.3086  0.00000
    31     18.7190  0.00000
    32     18.9802  0.00000
    33     20.9891  0.00000
    34     22.9090  0.00000

 KPT            9  SPIN            1  KWEIGHT    3.1250000000000000E-002
     1    -18.5337  2.00000
     2    -18.0206  2.00000
     3    -17.7848  2.00000
     4    -17.6231  2.00000
     5     -5.8028  2.00000
     6     -5.3732  2.00000
     7     -5.1040  2.00000
     8     -4.9562  2.00000
     9     -4.3816  2.00000
    10     -4.0138  2.00000
    11     -3.6272  2.00000
    12     -3.5419  2.00000
    13     -3.3835  2.00000
    14     -2.7289  2.00000
    15     -2.5786  2.00000
    16     -2.2198  2.00000
    17      1.7901  0.00000
    18      2.0488  0.00000
    19      2.1898  0.00000
    20      2.2561  0.00000
    21      2.5438  0.00000
    22      2.9887  0.00000
    23      5.9763  0.00000
    24      6.5503  0.00000
    25      6.5955  0.00000
    26      6.8531  0.00000
    27     14.2998  0.00000
    28     16.7598  0.00000
    29     16.9574  0.00000
    30     16.9653  0.00000
    31     18.7310  0.00000
    32     21.2706  0.00000
    33     21.5093  0.00000
    34     24.1339  0.00000

 KPT           10  SPIN            1  KWEIGHT    3.1250000000000000E-002
     1    -18.4762  2.00000
     2    -17.9393  2.00000
     3    -17.8960  2.00000
     4    -17.6712  2.00000
     5     -5.6043  2.00000
     6     -5.4042  2.00000
     7     -5.1035  2.00000
     8     -4.9263  2.00000
     9     -4.5077  2.00000
    10     -3.9717  2.00000
    11     -3.5991  2.00000
    12     -3.5332  2.00000
    13     -3.1489  2.00000
    14     -2.9905  2.00000
    15     -2.6181  2.00000
    16     -2.4466  2.00000
    17      1.9329  0.00000
    18      2.0608  0.00000
    19      2.3128  0.00000
    20      2.3692  0.00000
    21      2.8188  0.00000
    22      2.9456  0.00000
    23      5.8612  0.00000
    24      6.0159  0.00000
    25      6.5686  0.00000
    26      6.8236  0.00000
    27     14.4766  0.00000
    28     16.4040  0.00000
    29     16.7923  0.00000
    30     17.5471  0.00000
    31     18.6812  0.00000
    32     19.5613  0.00000
    33     22.1302  0.00000
    34     23.6212  0.00000

 KPT           11  SPIN            1  KWEIGHT    3.1250000000000000E-002
     1    -18.3911  2.00000
     2    -18.1809  2.00000
     3    -17.7353  2.00000
     4    -17.6725  2.00000
     5     -5.6634  2.00000
     6     -5.4796  2.00000
     7     -4.8962  2.00000
     8     -4.8043  2.00000
     9     -4.3723  2.00000
    10     -4.0368  2.00000
    11     -3.9120  2.00000
    12     -3.8636  2.00000
    13     -3.1495  2.00000
    14     -2.7817  2.00000
    15     -2.5255  2.00000
    16     -2.2489  2.00000
    17      1.8620  0.00000
    18      1.9784  0.00000
    19      2.1285  0.00000
    20      2.2482  0.00000
    21      2.7599  0.00000
    22      2.9207  0.00000
    23      6.0276  0.00000
    24      6.2856  0.00000
    25      6.6896  0.00000
    26      6.8157  0.00000
    27     14.9416  0.00000
    28     16.0884  0.00000
    29     17.5552  0.00000
    30     17.6544  0.00000
    31     19.9485  0.00000
    32     20.0460  0.00000
    33     21.1915  0.00000
    34     23.0924  0.00000

 KPT           12  SPIN            1  KWEIGHT    3.1250000000000000E-002
     1    -18.4761  2.00000
     2    -17.9393  2.00000
     3    -17.8960  2.00000
     4    -17.6711  2.00000
     5     -5.6044  2.00000
     6     -5.4042  2.00000
     7     -5.1035  2.00000
     8     -4.9262  2.00000
     9     -4.5077  2.00000
    10     -3.9718  2.00000
    11     -3.5990  2.00000
    12     -3.5333  2.00000
    13     -3.1488  2.00000
    14     -2.9906  2.00000
    15     -2.6181  2.00000
    16     -2.4465  2.00000
    17      1.9328  0.00000
    18      2.0610  0.00000
    19      2.3128  0.00000
    20      2.3693  0.00000
    21      2.8189  0.00000
    22      2.9455  0.00000
    23      5.8612  0.00000
    24      6.0159  0.00000
    25      6.5687  0.00000
    26      6.8236  0.00000
    27     14.4766  0.00000
    28     16.4040  0.00000
    29     16.7923  0.00000
    30     17.5469  0.00000
    31     18.6812  0.00000
    32     19.5614  0.00000
    33     22.1303  0.00000
    34     23.6213  0.00000

 KPT           13  SPIN            1  KWEIGHT    3.1250000000000000E-002
     1    -18.7212  2.00000
     2    -18.0177  2.00000
     3    -17.8175  2.00000
     4    -17.5624  2.00000
     5     -5.6344  2.00000
     6     -5.1976  2.00000
     7     -5.1739  2.00000
     8     -4.9222  2.00000
     9     -4.1836  2.00000
    10     -4.0453  2.00000
    11     -3.7291  2.00000
    12     -2.9633  2.00000
    13     -2.8708  2.00000
    14     -2.6780  2.00000
    15     -2.6214  2.00000
    16     -2.2324  2.00000
    17      1.7596  0.00000
    18      1.8620  0.00000
    19      2.1361  0.00000
    20      2.3695  0.00000
    21      2.3779  0.00000
    22      2.8808  0.00000
    23      5.7546  0.00000
    24      5.7790  0.00000
    25      6.3951  0.00000
    26      6.6157  0.00000
    27     13.9581  0.00000
    28     16.4887  0.00000
    29     16.7859  0.00000
    30     17.0960  0.00000
    31     17.9872  0.00000
    32     18.9795  0.00000
    33     21.6772  0.00000
    34     23.4561  0.00000

 KPT           14  SPIN            1  KWEIGHT    3.1250000000000000E-002
     1    -18.2890  2.00000
     2    -17.9029  2.00000
     3    -17.8939  2.00000
     4    -17.7061  2.00000
     5     -5.7096  2.00000
     6     -5.5377  2.00000
     7     -5.2289  2.00000
     8     -4.9211  2.00000
     9     -4.3918  2.00000
    10     -4.1291  2.00000
    11     -4.0282  2.00000
    12     -3.9419  2.00000
    13     -3.6538  2.00000
    14     -2.9454  2.00000
    15     -2.4709  2.00000
    16     -2.2566  2.00000
    17      1.9049  0.00000
    18      1.9780  0.00000
    19      2.3070  0.00000
    20      2.3853  0.00000
    21      3.0733  0.00000
    22      3.2386  0.00000
    23      6.1595  0.00000
    24      6.5227  0.00000
    25      6.8837  0.00000
    26      7.1076  0.00000
    27     15.2234  0.00000
    28     16.2814  0.00000
    29     17.0578  0.00000
    30     17.5232  0.00000
    31     19.7580  0.00000
    32     20.8727  0.00000
    33     23.1798  0.00000
    34     23.6670  0.00000

 KPT           15  SPIN            1  KWEIGHT    3.1250000000000000E-002
     1    -18.2890  2.00000
     2    -17.9029  2.00000
     3    -17.8939  2.00000
     4    -17.7061  2.00000
     5     -5.7097  2.00000
     6     -5.5378  2.00000
     7     -5.2289  2.00000
     8     -4.9211  2.00000
     9     -4.3918  2.00000
    10     -4.1291  2.00000
    11     -4.0281  2.00000
    12     -3.9419  2.00000
    13     -3.6538  2.00000
    14     -2.9454  2.00000
    15     -2.4709  2.00000
    16     -2.2565  2.00000
    17      1.9049  0.00000
    18      1.9780  0.00000
    19      2.3070  0.00000
    20      2.3853  0.00000
    21      3.0733  0.00000
    22      3.2386  0.00000
    23      6.1594  0.00000
    24      6.5227  0.00000
    25      6.8837  0.00000
    26      7.1076  0.00000
    27     15.2234  0.00000
    28     16.2814  0.00000
    29     17.0578  0.00000
    30     17.5232  0.00000
    31     19.7580  0.00000
    32     20.8726  0.00000
    33     23.1799  0.00000
    34     23.6670  0.00000

 KPT           16  SPIN            1  KWEIGHT    3.1250000000000000E-002
     1    -18.7212  2.00000
     2    -18.0177  2.00000
     3    -17.8175  2.00000
     4    -17.5624  2.00000
     5     -5.6345  2.00000
     6     -5.1976  2.00000
     7     -5.1739  2.00000
     8     -4.9222  2.00000
     9     -4.1836  2.00000
    10     -4.0453  2.00000
    11     -3.7291  2.00000
    12     -2.9633  2.00000
    13     -2.8709  2.00000
    14     -2.6780  2.00000
    15     -2.6214  2.00000
    16     -2.2324  2.00000
    17      1.7596  0.00000
    18      1.8620  0.00000
    19      2.1361  0.00000
    20      2.3695  0.00000
    21      2.3780  0.00000
    22      2.8808  0.00000
    23      5.7546  0.00000
    24      5.7790  0.00000
    25      6.3952  0.00000
    26      6.6157  0.00000
    27     13.9581  0.00000
    28     16.4886  0.00000
    29     16.7860  0.00000
    30     17.0959  0.00000
    31     17.9872  0.00000
    32     18.9795  0.00000
    33     21.6772  0.00000
    34     23.4561  0.00000

 KPT           17  SPIN            1  KWEIGHT    3.1250000000000000E-002
     1    -18.2876  2.00000
     2    -17.9239  2.00000
     3    -17.8744  2.00000
     4    -17.7059  2.00000
     5     -5.7623  2.00000
     6     -5.3864  2.00000
     7     -5.3286  2.00000
     8     -4.8543  2.00000
     9     -4.5840  2.00000
    10     -4.1203  2.00000
    11     -3.9598  2.00000
    12     -3.8567  2.00000
    13     -3.7121  2.00000
    14     -2.8353  2.00000
    15     -2.5316  2.00000
    16     -2.2937  2.00000
    17      1.9657  0.00000
    18      2.0134  0.00000
    19      2.2830  0.00000
    20      2.3058  0.00000
    21      3.0814  0.00000
    22      3.2431  0.00000
    23      6.1695  0.00000
    24      6.5091  0.00000
    25      6.8756  0.00000
    26      7.1080  0.00000
    27     15.0008  0.00000
    28     16.7817  0.00000
    29     17.0316  0.00000
    30     17.1808  0.00000
    31     20.7052  0.00000
    32     21.0132  0.00000
    33     21.6084  0.00000
    34     24.2769  0.00000

 KPT           18  SPIN            1  KWEIGHT    3.1250000000000000E-002
     1    -18.2876  2.00000
     2    -17.9239  2.00000
     3    -17.8745  2.00000
     4    -17.7058  2.00000
     5     -5.7623  2.00000
     6     -5.3864  2.00000
     7     -5.3286  2.00000
     8     -4.8544  2.00000
     9     -4.5841  2.00000
    10     -4.1205  2.00000
    11     -3.9597  2.00000
    12     -3.8565  2.00000
    13     -3.7120  2.00000
    14     -2.8355  2.00000
    15     -2.5316  2.00000
    16     -2.2937  2.00000
    17      1.9657  0.00000
    18      2.0133  0.00000
    19      2.2831  0.00000
    20      2.3058  0.00000
    21      3.0814  0.00000
    22      3.2431  0.00000
    23      6.1694  0.00000
    24      6.5091  0.00000
    25      6.8756  0.00000
    26      7.1080  0.00000
    27     15.0008  0.00000
    28     16.7816  0.00000
    29     17.0317  0.00000
    30     17.1807  0.00000
    31     20.7051  0.00000
    32     21.0137  0.00000
    33     21.6081  0.00000
    34     24.2769  0.00000

 KPT           19  SPIN            1  KWEIGHT    3.1250000000000000E-002
     1    -18.6392  2.00000
     2    -18.1447  2.00000
     3    -17.7630  2.00000
     4    -17.5893  2.00000
     5     -5.6057  2.00000
     6     -5.1941  2.00000
     7     -5.0753  2.00000
     8     -4.9163  2.00000
     9     -4.1796  2.00000
    10     -3.9202  2.00000
    11     -3.6504  2.00000
    12     -3.2901  2.00000
    13     -3.0561  2.00000
    14     -2.6448  2.00000
    15     -2.4677  2.00000
    16     -2.2810  2.00000
    17      1.6488  0.00000
    18      1.9916  0.00000
    19      2.1716  0.00000
    20      2.2994  0.00000
    21      2.3932  0.00000
    22      2.9485  0.00000
    23      5.6823  0.00000
    24      5.8966  0.00000
    25      6.3088  0.00000
    26      6.5504  0.00000
    27     14.3045  0.00000
    28     16.4127  0.00000
    29     16.9383  0.00000
    30     17.3088  0.00000
    31     18.7188  0.00000
    32     18.9803  0.00000
    33     20.9891  0.00000
    34     22.9089  0.00000

 KPT           20  SPIN            1  KWEIGHT    3.1250000000000000E-002
     1    -18.6392  2.00000
     2    -18.1448  2.00000
     3    -17.7629  2.00000
     4    -17.5893  2.00000
     5     -5.6057  2.00000
     6     -5.1941  2.00000
     7     -5.0754  2.00000
     8     -4.9163  2.00000
     9     -4.1795  2.00000
    10     -3.9201  2.00000
    11     -3.6505  2.00000
    12     -3.2900  2.00000
    13     -3.0562  2.00000
    14     -2.6447  2.00000
    15     -2.4678  2.00000
    16     -2.2810  2.00000
    17      1.6487  0.00000
    18      1.9916  0.00000
    19      2.1717  0.00000
    20      2.2994  0.00000
    21      2.3932  0.00000
    22      2.9484  0.00000
    23      5.6823  0.00000
    24      5.8966  0.00000
    25      6.3088  0.00000
    26      6.5504  0.00000
    27     14.3044  0.00000
    28     16.4127  0.00000
    29     16.9384  0.00000
    30     17.3086  0.00000
    31     18.7190  0.00000
    32     18.9802  0.00000
    33     20.9890  0.00000
    34     22.9090  0.00000

 KPT           21  SPIN            1  KWEIGHT    3.1250000000000000E-002
     1    -17.9463  2.00000
     2    -17.9462  2.00000
     3    -17.8457  2.00000
     4    -17.8456  2.00000
     5     -5.6215  2.00000
     6     -5.6214  2.00000
     7     -5.2112  2.00000
     8     -5.2112  2.00000
     9     -4.5777  2.00000
    10     -4.5777  2.00000
    11     -4.1381  2.00000
    12     -4.1379  2.00000
    13     -3.5489  2.00000
    14     -3.5487  2.00000
    15     -2.2374  2.00000
    16     -2.2373  2.00000
    17      2.0930  0.00000
    18      2.0931  0.00000
    19      2.3377  0.00000
    20      2.3379  0.00000
    21      3.5492  0.00000
    22      3.5493  0.00000
    23      6.4667  0.00000
    24      6.4671  0.00000
    25      7.2372  0.00000
    26      7.2377  0.00000
    27     16.3238  0.00000
    28     16.3240  0.00000
    29     16.9990  0.00000
    30     16.9993  0.00000
    31     21.4796  0.00000
    32     21.4801  0.00000
    33     23.6113  0.00000
    34     23.6116  0.00000

 KPT           22  SPIN            1  KWEIGHT    3.1250000000000000E-002
     1    -18.3913  2.00000
     2    -18.1808  2.00000
     3    -17.7354  2.00000
     4    -17.6721  2.00000
     5     -5.6641  2.00000
     6     -5.4831  2.00000
     7     -4.8957  2.00000
     8     -4.8021  2.00000
     9     -4.3821  2.00000
    10     -4.0308  2.00000
    11     -3.8904  2.00000
    12     -3.8880  2.00000
    13     -3.1506  2.00000
    14     -2.7833  2.00000
    15     -2.5191  2.00000
    16     -2.2376  2.00000
    17      1.8719  0.00000
    18      1.9919  0.00000
    19      2.1171  0.00000
    20      2.2509  0.00000
    21      2.7425  0.00000
    22      2.9041  0.00000
    23      6.0310  0.00000
    24      6.2948  0.00000
    25      6.6867  0.00000
    26      6.8157  0.00000
    27     14.9446  0.00000
    28     16.1366  0.00000
    29     17.5135  0.00000
    30     17.6642  0.00000
    31     19.7643  0.00000
    32     20.3086  0.00000
    33     21.1056  0.00000
    34     23.0846  0.00000

 KPT           23  SPIN            1  KWEIGHT    3.1250000000000000E-002
     1    -18.6729  2.00000
     2    -18.3787  2.00000
     3    -17.6799  2.00000
     4    -17.5617  2.00000
     5     -5.2695  2.00000
     6     -5.2668  2.00000
     7     -4.9711  2.00000
     8     -4.9462  2.00000
     9     -3.8024  2.00000
    10     -3.7926  2.00000
    11     -3.3236  2.00000
    12     -3.1851  2.00000
    13     -3.1720  2.00000
    14     -2.8516  2.00000
    15     -2.1038  2.00000
    16     -2.0946  2.00000
    17      1.3021  0.00000
    18      1.4711  0.00000
    19      2.3212  0.00000
    20      2.3212  0.00000
    21      2.8925  0.00000
    22      2.9142  0.00000
    23      5.3641  0.00000
    24      5.5659  0.00000
    25      5.8269  0.00000
    26      6.0501  0.00000
    27     14.7568  0.00000
    28     15.6647  0.00000
    29     17.4953  0.00000
    30     17.5192  0.00000
    31     18.5071  0.00000
    32     18.7596  0.00000
    33     19.3384  0.00000
    34     20.9637  0.00000

 KPT           24  SPIN            1  KWEIGHT    3.1250000000000000E-002
     1    -18.3913  2.00000
     2    -18.1809  2.00000
     3    -17.7353  2.00000
     4    -17.6722  2.00000
     5     -5.6642  2.00000
     6     -5.4830  2.00000
     7     -4.8958  2.00000
     8     -4.8020  2.00000
     9     -4.3820  2.00000
    10     -4.0307  2.00000
    11     -3.8906  2.00000
    12     -3.8882  2.00000
    13     -3.1507  2.00000
    14     -2.7832  2.00000
    15     -2.5190  2.00000
    16     -2.2376  2.00000
    17      1.8718  0.00000
    18      1.9919  0.00000
    19      2.1171  0.00000
    20      2.2509  0.00000
    21      2.7425  0.00000
    22      2.9041  0.00000
    23      6.0310  0.00000
    24      6.2948  0.00000
    25      6.6867  0.00000
    26      6.8156  0.00000
    27     14.9446  0.00000
    28     16.1366  0.00000
    29     17.5135  0.00000
    30     17.6640  0.00000
    31     19.7643  0.00000
    32     20.3088  0.00000
    33     21.1052  0.00000
    34     23.0849  0.00000

 KPT           25  SPIN            1  KWEIGHT    3.1250000000000000E-002
     1    -18.2887  2.00000
     2    -17.9030  2.00000
     3    -17.8942  2.00000
     4    -17.7061  2.00000
     5     -5.7138  2.00000
     6     -5.5338  2.00000
     7     -5.2210  2.00000
     8     -4.9251  2.00000
     9     -4.3930  2.00000
    10     -4.1401  2.00000
    11     -4.0138  2.00000
    12     -3.9352  2.00000
    13     -3.6734  2.00000
    14     -2.9494  2.00000
    15     -2.4649  2.00000
    16     -2.2541  2.00000
    17      1.9078  0.00000
    18      2.0019  0.00000
    19      2.2927  0.00000
    20      2.3861  0.00000
    21      3.0677  0.00000
    22      3.2347  0.00000
    23      6.1674  0.00000
    24      6.5275  0.00000
    25      6.8828  0.00000
    26      7.0895  0.00000
    27     15.2958  0.00000
    28     16.3233  0.00000
    29     16.9909  0.00000
    30     17.4531  0.00000
    31     19.7811  0.00000
    32     20.9285  0.00000
    33     23.1231  0.00000
    34     23.6599  0.00000

 KPT           26  SPIN            1  KWEIGHT    3.1250000000000000E-002
     1    -18.4841  2.00000
     2    -18.3297  2.00000
     3    -17.7079  2.00000
     4    -17.6306  2.00000
     5     -5.5730  2.00000
     6     -5.1910  2.00000
     7     -4.9611  2.00000
     8     -4.8209  2.00000
     9     -4.1754  2.00000
    10     -4.0407  2.00000
    11     -3.6995  2.00000
    12     -3.3092  2.00000
    13     -3.0439  2.00000
    14     -2.6508  2.00000
    15     -2.4854  2.00000
    16     -2.3612  2.00000
    17      1.6019  0.00000
    18      2.0450  0.00000
    19      2.2075  0.00000
    20      2.2503  0.00000
    21      2.4179  0.00000
    22      3.0036  0.00000
    23      5.7294  0.00000
    24      5.9446  0.00000
    25      6.1283  0.00000
    26      6.5358  0.00000
    27     15.0152  0.00000
    28     15.4899  0.00000
    29     17.3995  0.00000
    30     18.0838  0.00000
    31     18.5208  0.00000
    32     19.2165  0.00000
    33     21.2082  0.00000
    34     21.7057  0.00000

 KPT           27  SPIN            1  KWEIGHT    3.1250000000000000E-002
     1    -18.4841  2.00000
     2    -18.3297  2.00000
     3    -17.7080  2.00000
     4    -17.6306  2.00000
     5     -5.5731  2.00000
     6     -5.1910  2.00000
     7     -4.9611  2.00000
     8     -4.8209  2.00000
     9     -4.1754  2.00000
    10     -4.0407  2.00000
    11     -3.6996  2.00000
    12     -3.3092  2.00000
    13     -3.0439  2.00000
    14     -2.6508  2.00000
    15     -2.4854  2.00000
    16     -2.3612  2.00000
    17      1.6020  0.00000
    18      2.0450  0.00000
    19      2.2075  0.00000
    20      2.2503  0.00000
    21      2.4179  0.00000
    22      3.0037  0.00000
    23      5.7293  0.00000
    24      5.9446  0.00000
    25      6.1283  0.00000
    26      6.5358  0.00000
    27     15.0152  0.00000
    28     15.4898  0.00000
    29     17.3994  0.00000
    30     18.0838  0.00000
    31     18.5207  0.00000
    32     19.2165  0.00000
    33     21.2083  0.00000
    34     21.7057  0.00000

 KPT           28  SPIN            1  KWEIGHT    3.1250000000000000E-002
     1    -18.2887  2.00000
     2    -17.9030  2.00000
     3    -17.8942  2.00000
     4    -17.7060  2.00000
     5     -5.7138  2.00000
     6     -5.5338  2.00000
     7     -5.2210  2.00000
     8     -4.9251  2.00000
     9     -4.3930  2.00000
    10     -4.1401  2.00000
    11     -4.0138  2.00000
    12     -3.9353  2.00000
    13     -3.6734  2.00000
    14     -2.9494  2.00000
    15     -2.4649  2.00000
    16     -2.2541  2.00000
    17      1.9078  0.00000
    18      2.0019  0.00000
    19      2.2927  0.00000
    20      2.3861  0.00000
    21      3.0677  0.00000
    22      3.2347  0.00000
    23      6.1674  0.00000
    24      6.5275  0.00000
    25      6.8828  0.00000
    26      7.0896  0.00000
    27     15.2958  0.00000
    28     16.3233  0.00000
    29     16.9908  0.00000
    30     17.4531  0.00000
    31     19.7811  0.00000
    32     20.9284  0.00000
    33     23.1232  0.00000
    34     23.6600  0.00000

 KPT           29  SPIN            1  KWEIGHT    3.1250000000000000E-002
     1    -18.4761  2.00000
     2    -17.9393  2.00000
     3    -17.8960  2.00000
     4    -17.6711  2.00000
     5     -5.6043  2.00000
     6     -5.4042  2.00000
     7     -5.1035  2.00000
     8     -4.9262  2.00000
     9     -4.5077  2.00000
    10     -3.9717  2.00000
    11     -3.5990  2.00000
    12     -3.5332  2.00000
    13     -3.1488  2.00000
    14     -2.9906  2.00000
    15     -2.6181  2.00000
    16     -2.4466  2.00000
    17      1.9328  0.00000
    18      2.0610  0.00000
    19      2.3127  0.00000
    20      2.3693  0.00000
    21      2.8189  0.00000
    22      2.9455  0.00000
    23      5.8612  0.00000
    24      6.0159  0.00000
    25      6.5687  0.00000
    26      6.8236  0.00000
    27     14.4766  0.00000
    28     16.4040  0.00000
    29     16.7923  0.00000
    30     17.5469  0.00000
    31     18.6812  0.00000
    32     19.5614  0.00000
    33     22.1302  0.00000
    34     23.6212  0.00000

 KPT           30  SPIN            1  KWEIGHT    3.1250000000000000E-002
     1    -18.3911  2.00000
     2    -18.1809  2.00000
     3    -17.7354  2.00000
     4    -17.6725  2.00000
     5     -5.6634  2.00000
     6     -5.4796  2.00000
     7     -4.8962  2.00000
     8     -4.8044  2.00000
     9     -4.3723  2.00000
    10     -4.0368  2.00000
    11     -3.9120  2.00000
    12     -3.8636  2.00000
    13     -3.1495  2.00000
    14     -2.7818  2.00000
    15     -2.5255  2.00000
    16     -2.2489  2.00000
    17      1.8620  0.00000
    18      1.9784  0.00000
    19      2.1285  0.00000
    20      2.2482  0.00000
    21      2.7599  0.00000
    22      2.9207  0.00000
    23      6.0276  0.00000
    24      6.2856  0.00000
    25      6.6896  0.00000
    26      6.8157  0.00000
    27     14.9417  0.00000
    28     16.0884  0.00000
    29     17.5552  0.00000
    30     17.6544  0.00000
    31     19.9485  0.00000
    32     20.0460  0.00000
    33     21.1915  0.00000
    34     23.0923  0.00000

 KPT           31  SPIN            1  KWEIGHT    3.1250000000000000E-002
     1    -18.4761  2.00000
     2    -17.9393  2.00000
     3    -17.8960  2.00000
     4    -17.6711  2.00000
     5     -5.6043  2.00000
     6     -5.4042  2.00000
     7     -5.1035  2.00000
     8     -4.9263  2.00000
     9     -4.5077  2.00000
    10     -3.9718  2.00000
    11     -3.5991  2.00000
    12     -3.5332  2.00000
    13     -3.1489  2.00000
    14     -2.9905  2.00000
    15     -2.6181  2.00000
    16     -2.4465  2.00000
    17      1.9329  0.00000
    18      2.0609  0.00000
    19      2.3128  0.00000
    20      2.3693  0.00000
    21      2.8188  0.00000
    22      2.9456  0.00000
    23      5.8612  0.00000
    24      6.0159  0.00000
    25      6.5687  0.00000
    26      6.8237  0.00000
    27     14.4767  0.00000
    28     16.4040  0.00000
    29     16.7922  0.00000
    30     17.5470  0.00000
    31     18.6812  0.00000
    32     19.5613  0.00000
    33     22.1303  0.00000
    34     23.6213  0.00000

 KPT           32  SPIN            1  KWEIGHT    3.1250000000000000E-002
     1    -18.5337  2.00000
     2    -18.0206  2.00000
     3    -17.7848  2.00000
     4    -17.6231  2.00000
     5     -5.8028  2.00000
     6     -5.3732  2.00000
     7     -5.1040  2.00000
     8     -4.9562  2.00000
     9     -4.3816  2.00000
    10     -4.0138  2.00000
    11     -3.6272  2.00000
    12     -3.5419  2.00000
    13     -3.3835  2.00000
    14     -2.7289  2.00000
    15     -2.5786  2.00000
    16     -2.2198  2.00000
    17      1.7901  0.00000
    18      2.0488  0.00000
    19      2.1898  0.00000
    20      2.2561  0.00000
    21      2.5438  0.00000
    22      2.9887  0.00000
    23      5.9763  0.00000
    24      6.5503  0.00000
    25      6.5955  0.00000
    26      6.8532  0.00000
    27     14.2998  0.00000
    28     16.7598  0.00000
    29     16.9574  0.00000
    30     16.9653  0.00000
    31     18.7310  0.00000
    32     21.2706  0.00000
    33     21.5093  0.00000
    34     24.1339  0.00000

