 Fermi distribution function

Calculation with static geometry


********************************************************************************
 iSCC Total electronic   Diff electronic      SCC error    
    5   -0.16258924E+02   -0.46131508E-05    0.20513343E-05
********************************************************************************

 Total charge:     0.00000000

 Atomic gross charges (e)
 Atom           Charge
    1       0.96347853
    2       0.96350849
    3      -0.48174668
    4      -0.48174720
    5      -0.48174664
    6      -0.48174649

Nr. of electrons (up):     32.00000000
Atom populations (up)
 Atom       Population
    1       3.03652147
    2       3.03649151
    3       6.48174668
    4       6.48174720
    5       6.48174664
    6       6.48174649

l-shell populations (up)
 Atom Sh.   l       Population
    1   1   0       0.42321050
    1   2   1       0.86996038
    1   3   2       1.74335059
    2   1   0       0.42321212
    2   2   1       0.86995942
    2   3   2       1.74331997
    3   1   0       1.79732166
    3   2   1       4.68442502
    4   1   0       1.79732098
    4   2   1       4.68442622
    5   1   0       1.79732143
    5   2   1       4.68442522
    6   1   0       1.79732076
    6   2   1       4.68442573

Orbital populations (up)
 Atom Sh.   l   m       Population  Label
    1   1   0   0       0.42321050  s
    1   2   1  -1       0.30129022  p_y
    1   2   1   0       0.26738027  p_z
    1   2   1   1       0.30128990  p_x
    1   3   2  -2       0.29803794  d_xy
    1   3   2  -1       0.23118176  d_yz
    1   3   2   0       0.49215011  d_z2
    1   3   2   1       0.23118195  d_xz
    1   3   2   2       0.49079884  d_x2-y2
    2   1   0   0       0.42321212  s
    2   2   1  -1       0.30128845  p_y
    2   2   1   0       0.26738292  p_z
    2   2   1   1       0.30128805  p_x
    2   3   2  -2       0.29803170  d_xy
    2   3   2  -1       0.23117677  d_yz
    2   3   2   0       0.49214358  d_z2
    2   3   2   1       0.23117596  d_xz
    2   3   2   2       0.49079195  d_x2-y2
    3   1   0   0       1.79732166  s
    3   2   1  -1       1.43983411  p_y
    3   2   1   0       1.53807602  p_z
    3   2   1   1       1.70651489  p_x
    4   1   0   0       1.79732098  s
    4   2   1  -1       1.43983206  p_y
    4   2   1   0       1.53807688  p_z
    4   2   1   1       1.70651727  p_x
    5   1   0   0       1.79732143  s
    5   2   1  -1       1.70651323  p_y
    5   2   1   0       1.53807764  p_z
    5   2   1   1       1.43983435  p_x
    6   1   0   0       1.79732076  s
    6   2   1  -1       1.70651555  p_y
    6   2   1   0       1.53807760  p_z
    6   2   1   1       1.43983257  p_x

Fermi level:                        -0.0166521473 H           -0.4531 eV
Band energy:                        -8.7987932069 H         -239.4273 eV
TS:                                  0.0000000000 H            0.0000 eV
Band free energy (E-TS):            -8.7987932069 H         -239.4273 eV
Extrapolated E(0K):                 -8.7987932069 H         -239.4273 eV
Input / Output electrons (q):     32.0000000000     32.0000000000

Energy H0:                         -16.2916321399 H         -443.3179 eV
Energy SCC:                          0.0327078829 H            0.8900 eV
Total Electronic energy:           -16.2589242570 H         -442.4278 eV
Repulsive energy:                    0.6378497071 H           17.3568 eV
Total energy:                      -15.6210745499 H         -425.0711 eV
Extrapolated to 0:                 -15.6210745499 H         -425.0711 eV
Total Mermin free energy:          -15.6210745499 H         -425.0711 eV
Force related energy:              -15.6210745499 H         -425.0711 eV

Non-constrained calculation

SCC converged

Total Forces
    1     -0.000009256947      0.000009382977      0.000000779441
    2     -0.000010747982      0.000009571925     -0.000003249289
    3     -0.000002706287     -0.000012897173      0.000035261959
    4      0.000002481961     -0.000005945913     -0.000011610326
    5      0.000014016200      0.000002230689     -0.000031992785
    6      0.000006213055     -0.000002342505      0.000010810999

Total stress tensor
      0.000079421610     -0.000001422834      0.000000018043
     -0.000001422834      0.000079365956      0.000000011600
      0.000000018046      0.000000011604     -0.000158147681

Total lattice derivs
      0.000093632628     -0.005249194588      0.004091682556
     -0.005253041979      0.000093799303      0.004091256472
     -0.005158475376     -0.005154794697     -0.000001960413

Maximal derivative component:        0.352620E-04 au

Volume:                              0.475783E+03 au^3
Pressure:                            0.213295E-06 au     0.627536E+07 Pa

Warning: dipole moment is not defined absolutely!
Dipole moment:   -1.86965179    1.86970871   -4.42891024 au
Dipole moment:   -4.75218122    4.75232588  -11.25716787 Debye


