 Fermi distribution function

MD step: 40


********************************************************************************
 iSCC Total electronic   Diff electronic      SCC error    
    4   -0.41548532E+01   -0.21504935E-07    0.19886963E-05
********************************************************************************

Coordinates of moved atoms (au):
    1     -0.06938525     -1.31985739      0.03543794
    2      0.96520779     -0.29362076      1.11851326
    3      0.13683369     -0.77116550     -1.68137187

 Total charge:    -0.00000000

 Atomic gross charges (e)
 Atom           Charge
    1      -0.59713338
    2       0.29849259
    3       0.29864079

Nr. of electrons (up):      8.00000000
Atom populations (up)
 Atom       Population
    1       6.59713338
    2       0.70150741
    3       0.70135921

l-shell populations (up)
 Atom Sh.   l       Population
    1   1   0       1.72847397
    1   2   1       4.86865941
    2   1   0       0.70150741
    3   1   0       0.70135921

Orbital populations (up)
 Atom Sh.   l   m       Population  Label
    1   1   0   0       1.72847397  s
    1   2   1  -1       1.80749519  p_y
    1   2   1   0       1.23203096  p_z
    1   2   1   1       1.82913325  p_x
    2   1   0   0       0.70150741  s
    3   1   0   0       0.70135921  s

Fermi level:                         0.0808426552 H            2.1998 eV
Band energy:                        -3.6749741119 H         -100.0011 eV
TS:                                  0.0000000000 H            0.0000 eV
Band free energy (E-TS):            -3.6749741119 H         -100.0011 eV
Extrapolated E(0K):                 -3.6749741119 H         -100.0011 eV
Input / Output electrons (q):      8.0000000000      8.0000000000

Energy H0:                          -4.1730970725 H         -113.5557 eV
Energy SCC:                          0.0182438934 H            0.4964 eV
Total Electronic energy:            -4.1548531791 H         -113.0593 eV
Repulsive energy:                    0.0770688685 H            2.0972 eV
Total energy:                       -4.0777843106 H         -110.9622 eV
Extrapolated to 0:                  -4.0777843106 H         -110.9622 eV
Total Mermin free energy:           -4.0777843106 H         -110.9622 eV
Force related energy:               -4.0777843106 H         -110.9622 eV

Non-constrained calculation

SCC converged

Full geometry written in geo_end.{xyz|gen}

Total Forces
    1     -0.006230875161     -0.008052184072      0.003988297843
    2      0.003968118489      0.004410172013      0.001491487201
    3      0.002262756672      0.003642012059     -0.005479785044

Maximal derivative component:        0.805218E-02 au
Max force for moved atoms::          0.805218E-02 au

MD Kinetic Energy:                   0.0029896805 H
Total MD Energy:                    -4.0747946301 H
MD Temperature:                      0.0009965602 H          314.6884 K
MD Kinetic Energy:                   0.0029896805 H
Total MD Energy:                    -4.0747946301 H         -110.8808 eV
MD Temperature:                      0.0009965602 H          314.6884 K

Dipole moment:    0.37040374    0.47018581   -0.18941948 au
Dipole moment:    0.94147248    1.19509322   -0.48145633 Debye

Molecular dynamics completed

