MD step: 0
Potential Energy:                   -4.0779379326 H         -110.9663 eV
MD Kinetic Energy:                   0.0028501338 H            0.0776 eV
Total MD Energy:                    -4.0750877987 H         -110.8888 eV
MD Temperature:                      0.0009500446 au         300.0000 K
MD step: 1
Potential Energy:                   -4.0779061373 H         -110.9655 eV
MD Kinetic Energy:                   0.0028192789 H            0.0767 eV
Total MD Energy:                    -4.0750868584 H         -110.8888 eV
MD Temperature:                      0.0009397596 au         296.7523 K
MD step: 2
Potential Energy:                   -4.0778229231 H         -110.9632 eV
MD Kinetic Energy:                   0.0027391502 H            0.0745 eV
Total MD Energy:                    -4.0750837729 H         -110.8887 eV
MD Temperature:                      0.0009130501 au         288.3181 K
MD step: 3
Potential Energy:                   -4.0777117562 H         -110.9602 eV
MD Kinetic Energy:                   0.0026334066 H            0.0717 eV
Total MD Energy:                    -4.0750783496 H         -110.8885 eV
MD Temperature:                      0.0008778022 au         277.1877 K
MD step: 4
Potential Energy:                   -4.0775951984 H         -110.9570 eV
MD Kinetic Energy:                   0.0025243053 H            0.0687 eV
Total MD Energy:                    -4.0750708931 H         -110.8883 eV
MD Temperature:                      0.0008414351 au         265.7039 K
MD step: 5
Potential Energy:                   -4.0774853574 H         -110.9540 eV
MD Kinetic Energy:                   0.0024236816 H            0.0660 eV
Total MD Energy:                    -4.0750616758 H         -110.8881 eV
MD Temperature:                      0.0008078939 au         255.1124 K
MD step: 6
Potential Energy:                   -4.0773815257 H         -110.9512 eV
MD Kinetic Energy:                   0.0023309540 H            0.0634 eV
Total MD Energy:                    -4.0750505717 H         -110.8878 eV
MD Temperature:                      0.0007769847 au         245.3521 K
MD step: 7
Potential Energy:                   -4.0772757820 H         -110.9483 eV
MD Kinetic Energy:                   0.0022387062 H            0.0609 eV
Total MD Energy:                    -4.0750370758 H         -110.8874 eV
MD Temperature:                      0.0007462354 au         235.6422 K
MD step: 8
Potential Energy:                   -4.0771624117 H         -110.9452 eV
MD Kinetic Energy:                   0.0021417924 H            0.0583 eV
Total MD Energy:                    -4.0750206193 H         -110.8870 eV
MD Temperature:                      0.0007139308 au         225.4412 K
MD step: 9
Potential Energy:                   -4.0770454013 H         -110.9421 eV
MD Kinetic Energy:                   0.0020444350 H            0.0556 eV
Total MD Energy:                    -4.0750009663 H         -110.8864 eV
MD Temperature:                      0.0006814783 au         215.1936 K
MD step: 10
Potential Energy:                   -4.0769401511 H         -110.9392 eV
MD Kinetic Energy:                   0.0019616528 H            0.0534 eV
Total MD Energy:                    -4.0749784983 H         -110.8858 eV
MD Temperature:                      0.0006538843 au         206.4801 K
MD step: 11
Potential Energy:                   -4.0768689933 H         -110.9372 eV
MD Kinetic Energy:                   0.0019147190 H            0.0521 eV
Total MD Energy:                    -4.0749542744 H         -110.8851 eV
MD Temperature:                      0.0006382397 au         201.5399 K
MD step: 12
Potential Energy:                   -4.0768530481 H         -110.9368 eV
MD Kinetic Energy:                   0.0019231452 H            0.0523 eV
Total MD Energy:                    -4.0749299029 H         -110.8845 eV
MD Temperature:                      0.0006410484 au         202.4268 K
MD step: 13
Potential Energy:                   -4.0769039463 H         -110.9382 eV
MD Kinetic Energy:                   0.0019966799 H            0.0543 eV
Total MD Energy:                    -4.0749072664 H         -110.8839 eV
MD Temperature:                      0.0006655600 au         210.1670 K
MD step: 14
Potential Energy:                   -4.0770184873 H         -110.9413 eV
MD Kinetic Energy:                   0.0021303790 H            0.0580 eV
Total MD Energy:                    -4.0748881083 H         -110.8833 eV
MD Temperature:                      0.0007101263 au         224.2399 K
MD step: 15
Potential Energy:                   -4.0771782452 H         -110.9457 eV
MD Kinetic Energy:                   0.0023046837 H            0.0627 eV
Total MD Energy:                    -4.0748735614 H         -110.8830 eV
MD Temperature:                      0.0007682279 au         242.5869 K
MD step: 16
Potential Energy:                   -4.0773546563 H         -110.9505 eV
MD Kinetic Energy:                   0.0024908271 H            0.0678 eV
Total MD Energy:                    -4.0748638292 H         -110.8827 eV
MD Temperature:                      0.0008302757 au         262.1800 K
MD step: 17
Potential Energy:                   -4.0775181468 H         -110.9549 eV
MD Kinetic Energy:                   0.0026599162 H            0.0724 eV
Total MD Energy:                    -4.0748582306 H         -110.8825 eV
MD Temperature:                      0.0008866387 au         279.9780 K
MD step: 18
Potential Energy:                   -4.0776478340 H         -110.9584 eV
MD Kinetic Energy:                   0.0027922129 H            0.0760 eV
Total MD Energy:                    -4.0748556211 H         -110.8825 eV
MD Temperature:                      0.0009307376 au         293.9034 K
MD step: 19
Potential Energy:                   -4.0777374135 H         -110.9609 eV
MD Kinetic Energy:                   0.0028824441 H            0.0784 eV
Total MD Energy:                    -4.0748549695 H         -110.8824 eV
MD Temperature:                      0.0009608147 au         303.4009 K
MD step: 20
Potential Energy:                   -4.0777941238 H         -110.9624 eV
MD Kinetic Energy:                   0.0029383873 H            0.0800 eV
Total MD Energy:                    -4.0748557365 H         -110.8825 eV
MD Temperature:                      0.0009794624 au         309.2894 K
MD step: 21
Potential Energy:                   -4.0778311630 H         -110.9634 eV
MD Kinetic Energy:                   0.0029732770 H            0.0809 eV
Total MD Energy:                    -4.0748578860 H         -110.8825 eV
MD Temperature:                      0.0009910923 au         312.9618 K
MD step: 22
Potential Energy:                   -4.0778576118 H         -110.9642 eV
MD Kinetic Energy:                   0.0029961357 H            0.0815 eV
Total MD Energy:                    -4.0748614761 H         -110.8826 eV
MD Temperature:                      0.0009987119 au         315.3679 K
MD step: 23
Potential Energy:                   -4.0778719370 H         -110.9645 eV
MD Kinetic Energy:                   0.0030057578 H            0.0818 eV
Total MD Energy:                    -4.0748661792 H         -110.8828 eV
MD Temperature:                      0.0010019193 au         316.3807 K
MD step: 24
Potential Energy:                   -4.0778629808 H         -110.9643 eV
MD Kinetic Energy:                   0.0029919214 H            0.0814 eV
Total MD Energy:                    -4.0748710594 H         -110.8829 eV
MD Temperature:                      0.0009973071 au         314.9243 K
MD step: 25
Potential Energy:                   -4.0778175217 H         -110.9631 eV
MD Kinetic Energy:                   0.0029427769 H            0.0801 eV
Total MD Energy:                    -4.0748747448 H         -110.8830 eV
MD Temperature:                      0.0009809256 au         309.7514 K
MD step: 26
Potential Energy:                   -4.0777295614 H         -110.9607 eV
MD Kinetic Energy:                   0.0028537007 H            0.0777 eV
Total MD Energy:                    -4.0748758607 H         -110.8830 eV
MD Temperature:                      0.0009512336 au         300.3754 K
MD step: 27
Potential Energy:                   -4.0776061025 H         -110.9573 eV
MD Kinetic Energy:                   0.0027326324 H            0.0744 eV
Total MD Energy:                    -4.0748734701 H         -110.8829 eV
MD Temperature:                      0.0009108775 au         287.6320 K
MD step: 28
Potential Energy:                   -4.0774668121 H         -110.9535 eV
MD Kinetic Energy:                   0.0025994622 H            0.0707 eV
Total MD Energy:                    -4.0748673499 H         -110.8828 eV
MD Temperature:                      0.0008664874 au         273.6148 K
MD step: 29
Potential Energy:                   -4.0773382035 H         -110.9500 eV
MD Kinetic Energy:                   0.0024801643 H            0.0675 eV
Total MD Energy:                    -4.0748580392 H         -110.8825 eV
MD Temperature:                      0.0008267214 au         261.0577 K
MD step: 30
Potential Energy:                   -4.0772451649 H         -110.9475 eV
MD Kinetic Energy:                   0.0023985062 H            0.0653 eV
Total MD Energy:                    -4.0748466586 H         -110.8822 eV
MD Temperature:                      0.0007995021 au         252.4625 K
MD step: 31
Potential Energy:                   -4.0772032767 H         -110.9463 eV
MD Kinetic Energy:                   0.0023686597 H            0.0645 eV
Total MD Energy:                    -4.0748346170 H         -110.8819 eV
MD Temperature:                      0.0007895532 au         249.3209 K
MD step: 32
Potential Energy:                   -4.0772145274 H         -110.9467 eV
MD Kinetic Energy:                   0.0023912850 H            0.0651 eV
Total MD Energy:                    -4.0748232425 H         -110.8816 eV
MD Temperature:                      0.0007970950 au         251.7024 K
MD step: 33
Potential Energy:                   -4.0772678891 H         -110.9481 eV
MD Kinetic Energy:                   0.0024544401 H            0.0668 eV
Total MD Energy:                    -4.0748134490 H         -110.8813 eV
MD Temperature:                      0.0008181467 au         258.3500 K
MD step: 34
Potential Energy:                   -4.0773445760 H         -110.9502 eV
MD Kinetic Energy:                   0.0025390084 H            0.0691 eV
Total MD Energy:                    -4.0748055676 H         -110.8811 eV
MD Temperature:                      0.0008463361 au         267.2515 K
MD step: 35
Potential Energy:                   -4.0774260044 H         -110.9524 eV
MD Kinetic Energy:                   0.0026265466 H            0.0715 eV
Total MD Energy:                    -4.0747994578 H         -110.8809 eV
MD Temperature:                      0.0008755155 au         276.4656 K
MD step: 36
Potential Energy:                   -4.0775009708 H         -110.9544 eV
MD Kinetic Energy:                   0.0027061240 H            0.0736 eV
Total MD Energy:                    -4.0747948468 H         -110.8808 eV
MD Temperature:                      0.0009020413 au         284.8418 K
MD step: 37
Potential Energy:                   -4.0775685432 H         -110.9563 eV
MD Kinetic Energy:                   0.0027768711 H            0.0756 eV
Total MD Energy:                    -4.0747916721 H         -110.8807 eV
MD Temperature:                      0.0009256237 au         292.2885 K
MD step: 38
Potential Energy:                   -4.0776351562 H         -110.9581 eV
MD Kinetic Energy:                   0.0028448951 H            0.0774 eV
Total MD Energy:                    -4.0747902612 H         -110.8807 eV
MD Temperature:                      0.0009482984 au         299.4486 K
MD step: 39
Potential Energy:                   -4.0777073346 H         -110.9601 eV
MD Kinetic Energy:                   0.0029161973 H            0.0794 eV
Total MD Energy:                    -4.0747911373 H         -110.8807 eV
MD Temperature:                      0.0009720658 au         306.9537 K
MD step: 40
Potential Energy:                   -4.0777843106 H         -110.9622 eV
MD Kinetic Energy:                   0.0029896805 H            0.0814 eV
Total MD Energy:                    -4.0747946301 H         -110.8808 eV
MD Temperature:                      0.0009965602 au         314.6884 K
