MD step: 0
Potential Energy:                   -3.9798793068 H         -108.2980 eV
MD Kinetic Energy:                   0.0028501338 H            0.0776 eV
Total MD Energy:                    -3.9770291730 H         -108.2205 eV
MD Temperature:                      0.0009500446 au         300.0000 K
MD step: 10
Potential Energy:                   -4.0157804351 H         -109.2749 eV
MD Kinetic Energy:                   0.0376840009 H            1.0254 eV
Total MD Energy:                    -3.9780964342 H         -108.2495 eV
MD Temperature:                      0.0125613336 au        3966.5507 K
MD step: 20
Potential Energy:                   -3.9880336103 H         -108.5199 eV
MD Kinetic Energy:                   0.0063885342 H            0.1738 eV
Total MD Energy:                    -3.9816450761 H         -108.3461 eV
MD Temperature:                      0.0021295114 au         672.4457 K
MD step: 30
Potential Energy:                   -4.0096955721 H         -109.1094 eV
MD Kinetic Energy:                   0.0272174391 H            0.7406 eV
Total MD Energy:                    -3.9824781330 H         -108.3687 eV
MD Temperature:                      0.0090724797 au        2864.8591 K
MD step: 40
Potential Energy:                   -3.9908947449 H         -108.5978 eV
MD Kinetic Energy:                   0.0047688365 H            0.1298 eV
Total MD Energy:                    -3.9861259084 H         -108.4680 eV
MD Temperature:                      0.0015896122 au         501.9592 K
MD step: 50
Potential Energy:                   -4.0149518960 H         -109.2524 eV
MD Kinetic Energy:                   0.0272352384 H            0.7411 eV
Total MD Energy:                    -3.9877166577 H         -108.5113 eV
MD Temperature:                      0.0090784128 au        2866.7326 K
MD step: 60
Potential Energy:                   -3.9974897072 H         -108.7772 eV
MD Kinetic Energy:                   0.0072198955 H            0.1965 eV
Total MD Energy:                    -3.9902698117 H         -108.5808 eV
MD Temperature:                      0.0024066318 au         759.9533 K
MD step: 70
Potential Energy:                   -4.0190584893 H         -109.3641 eV
MD Kinetic Energy:                   0.0268554016 H            0.7308 eV
Total MD Energy:                    -3.9922030878 H         -108.6334 eV
MD Temperature:                      0.0089518005 au        2826.7517 K
MD step: 80
Potential Energy:                   -4.0018866627 H         -108.8969 eV
MD Kinetic Energy:                   0.0076646575 H            0.2086 eV
Total MD Energy:                    -3.9942220052 H         -108.6883 eV
MD Temperature:                      0.0025548858 au         806.7682 K
MD step: 90
Potential Energy:                   -4.0299553996 H         -109.6607 eV
MD Kinetic Energy:                   0.0330979707 H            0.9006 eV
Total MD Energy:                    -3.9968574289 H         -108.7600 eV
MD Temperature:                      0.0110326569 au        3483.8333 K
MD step: 100
Potential Energy:                   -4.0076509480 H         -109.0537 eV
MD Kinetic Energy:                   0.0097474964 H            0.2652 eV
Total MD Energy:                    -3.9979034516 H         -108.7885 eV
MD Temperature:                      0.0032491655 au        1026.0041 K
MD step: 110
Potential Energy:                   -4.0423083872 H         -109.9968 eV
MD Kinetic Energy:                   0.0413823679 H            1.1261 eV
Total MD Energy:                    -4.0009260192 H         -108.8707 eV
MD Temperature:                      0.0137941226 au        4355.8342 K
MD step: 120
Potential Energy:                   -4.0115915221 H         -109.1610 eV
MD Kinetic Energy:                   0.0100936222 H            0.2747 eV
Total MD Energy:                    -4.0014978999 H         -108.8863 eV
MD Temperature:                      0.0033645407 au        1062.4367 K
MD step: 130
Potential Energy:                   -4.0523819960 H         -110.2709 eV
MD Kinetic Energy:                   0.0478210023 H            1.3013 eV
Total MD Energy:                    -4.0045609938 H         -108.9696 eV
MD Temperature:                      0.0159403341 au        5033.5534 K
MD step: 140
Potential Energy:                   -4.0172716214 H         -109.3155 eV
MD Kinetic Energy:                   0.0124215360 H            0.3380 eV
Total MD Energy:                    -4.0048500855 H         -108.9775 eV
MD Temperature:                      0.0041405120 au        1307.4687 K
MD step: 150
Potential Energy:                   -4.0669196786 H         -110.6665 eV
MD Kinetic Energy:                   0.0590279920 H            1.6062 eV
Total MD Energy:                    -4.0078916866 H         -109.0603 eV
MD Temperature:                      0.0196759973 au        6213.1811 K
MD step: 160
Potential Energy:                   -4.0230763964 H         -109.4735 eV
MD Kinetic Energy:                   0.0149316850 H            0.4063 eV
Total MD Energy:                    -4.0081447114 H         -109.0672 eV
MD Temperature:                      0.0049772283 au        1571.6825 K
MD step: 170
Potential Energy:                   -4.0755766540 H         -110.9021 eV
MD Kinetic Energy:                   0.0643510537 H            1.7511 eV
Total MD Energy:                    -4.0112256003 H         -109.1510 eV
MD Temperature:                      0.0214503512 au        6773.4771 K
MD step: 180
Potential Energy:                   -4.0272367800 H         -109.5867 eV
MD Kinetic Energy:                   0.0159796803 H            0.4348 eV
Total MD Energy:                    -4.0112570997 H         -109.1519 eV
MD Temperature:                      0.0053265601 au        1681.9926 K
MD step: 190
Potential Energy:                   -4.0769081783 H         -110.9383 eV
MD Kinetic Energy:                   0.0634316434 H            1.7261 eV
Total MD Energy:                    -4.0134765349 H         -109.2123 eV
MD Temperature:                      0.0211438811 au        6676.7016 K
MD step: 200
Potential Energy:                   -4.0333091650 H         -109.7519 eV
MD Kinetic Energy:                   0.0191586567 H            0.5213 eV
Total MD Energy:                    -4.0141505082 H         -109.2306 eV
MD Temperature:                      0.0063862189 au        2016.6060 K
